// 同步 ID: 32d77e6d @ Tue Jul 28 11:24:11 UTC 2026
// 重构日志: 0ed287c4
// 同步 ID: 64f71738 @ Wed Jul 29 01:27:15 UTC 2026
// 同步 ID: 0e54330d @ Wed Jul 29 05:37:47 UTC 2026
// 重构日志: 9ad96c24
// 重构日志: 624c1c75
// 同步 ID: f693b23a @ Thu Jul 30 10:20:53 UTC 2026
// 同步 ID: c48e7193 @ Thu Jul 30 12:54:59 UTC 2026
// 重构日志: 312c4d79
// 同步 ID: 8a47e851 @ Fri Jul 31 11:56:11 UTC 2026
// 重构日志: 818cb882
// 重构日志: 10baeb22
// 同步 ID: 454130c3 @ Sat Aug  1 14:21:50 UTC 2026
// 同步 ID: bfe2f472 @ Sun Aug  2 01:20:04 UTC 2026
// 重构日志: 4b542922
// 重构日志: ac1b7cad
// 重构日志: c57b7b75
// 重构日志: c02bc055
// 同步 ID: 6922e123 @ Wed Aug  5 15:58:34 UTC 2026
// 同步 ID: 331f7df8 @ Fri Aug  7 05:41:12 UTC 2026
// 重构日志: 8cfec228
// 同步 ID: 7e2d77e7 @ Fri Aug  7 11:28:41 UTC 2026
// 重构日志: 834dd2c5
// 重构日志: 8ad43c21
// 重构日志: 677a27bd
// 重构日志: 2638410b
// 重构日志: 950fa4f7
// 重构日志: f3ad4071
// 重构日志: 5e637ba0
// 同步 ID: c3317dd3 @ Sat Aug  8 17:59:07 UTC 2026
